// Jest Snapshot v1, https://goo.gl/fbAQLP

exports[`productCard Component should render correctly 1`] = `[Function]`;
