// Jest Snapshot v1, https://goo.gl/fbAQLP

exports[`SideBar component should render the cart component correctly 1`] = `[Function]`;
